Microchip MPLAB XC8 Compiler V2.41

Linker command line:

-W-3 \
  --edf=C:/Program Files/Microchip/MPLABX/v6.15/packs/Microchip/PIC18Fxxxx_DFP/1.4.151/xc8\pic\dat\20230323171731_en.msgs \
  -cn -h+dist/default/production\Project_One.production.sym \
  --cmf=dist/default/production\Project_One.production.cmf -z -w9 \
  --disl=596:off --norlf -Q18F4620 \
  -oC:\Users\DELL\AppData\Local\Temp\xcAsbrc.\driver_tmp_3.o \
  --defsym=__MPLAB_BUILD=1 \
  -Mdist/default/production/Project_One.production.map \
  --md=C:\Users\DELL\AppData\Local\Temp\xcAsbrc.\driver_tmp_0.dat -E1 \
  -ver=XC8 Compiler --acfsm=1493 -ACODE=00h-0FFFFh -ACONST=00h-0FFFFh \
  -ASMALLCONST=01000h-010FFhx240 -AMEDIUMCONST=01000h-0FFFFh \
  -ACOMRAM=01h-07Fh -AABS1=00h-0F7Fh -ABIGRAM=01h-0F7Fh \
  -ARAM=080h-0FFh,0100h-01FFhx14,0F00h-0F7Fh -ABANK0=080h-0FFh \
  -ABANK1=0100h-01FFh -ABANK2=0200h-02FFh -ABANK3=0300h-03FFh \
  -ABANK4=0400h-04FFh -ABANK5=0500h-05FFh -ABANK6=0600h-06FFh \
  -ABANK7=0700h-07FFh -ABANK8=0800h-08FFh -ABANK9=0900h-09FFh \
  -ABANK10=0A00h-0AFFh -ABANK11=0B00h-0BFFh -ABANK12=0C00h-0CFFh \
  -ABANK13=0D00h-0DFFh -ABANK14=0E00h-0EFFh -ABANK15=0F00h-0F7Fh \
  -ASFR=0F80h-0FFFh -ABIGSFR=0F80h-0FFFh -ACONFIG=0300000h-030000Dh \
  -AIDLOC=0200000h-0200007h -AEEDATA=0F00000h-0F003FFh -peeprom_data=EEDATA \
  -preset_vec=00h,intcode,intcodelo,powerup,init -pramtop=01000h \
  -psmallconst=SMALLCONST -pmediumconst=MEDIUMCONST -pconst=CONST \
  -AFARRAM=00h-00h \
  -prdata=COMRAM,nvrram=COMRAM,nvbit=COMRAM,rbss=COMRAM,rbit=COMRAM \
  -pfarbss=FARRAM,fardata=FARRAM,nvFARRAM=FARRAM \
  -pintsave_regs=BIGRAM,bigbss=BIGRAM,bigdata=BIGRAM -pbss=RAM \
  -pidata=CODE,irdata=CODE,ibigdata=CODE,ifardata=CODE \
  C:\Users\DELL\AppData\Local\Temp\xcAsbrc.\driver_tmp_9.o \
  dist/default/production\Project_One.production.o 

Object code version is 3.11

Machine type is 18F4620



                Name                               Link     Load   Length Selector   Space Scale
C:\Users\DELL\AppData\Local\Temp\xcAsbrc.\driver_tmp_9.o
                config                           300000   300000        E        0       4
                init                                  0        0        4        0       0
dist/default/production\Project_One.production.o
                config                           300000   300000        E        0       4
                smallconst                         1000     1000        A      800       0
                text16                             100A     100A      144      805       0
                text15                             114E     114E      13C      805       0
                text14                             16D0     16D0       6C      805       0
                text13                             18DA     18DA       3C      805       0
                text12                             14EA     14EA       90      805       0
                text11                             128A     128A      128      805       0
                text10                             1974     1974        E      805       0
                text9                              1982     1982        6      805       0
                text8                              189E     189E       3C      805       0
                text7                              173C     173C       68      805       0
                text6                              15EE     15EE       74      805       0
                text5                              145A     145A       90      805       0
                text4                              13B2     13B2       A8      805       0
                text3                              1858     1858       46      805       0
                text2                              17A4     17A4       62      805       0
                text1                              1662     1662       6E      805       0
                text0                              157A     157A       74      805       0
                cstackCOMRAM                         2F       2F       25        1       1
                dataBANK0                            80       80       30       80       1
                dataCOMRAM                            1        1       2E        1       1
                bssCOMRAM                            54       54        7        1       1
                cinit                              1806     1806       52      805       0
                idataBANK0                         1916     1916       30      805       0
                idataCOMRAM                        1946     1946       2E      805       0

TOTAL           Name                               Link     Load   Length     Space
        CLASS   CODE           
                init                                  0        0        4         0
                text16                             100A     100A      144         0
                text15                             114E     114E      13C         0
                text14                             16D0     16D0       6C         0
                text13                             18DA     18DA       3C         0
                text12                             14EA     14EA       90         0
                text11                             128A     128A      128         0
                text10                             1974     1974        E         0
                text9                              1982     1982        6         0
                text8                              189E     189E       3C         0
                text7                              173C     173C       68         0
                text6                              15EE     15EE       74         0
                text5                              145A     145A       90         0
                text4                              13B2     13B2       A8         0
                text3                              1858     1858       46         0
                text2                              17A4     17A4       62         0
                text1                              1662     1662       6E         0
                text0                              157A     157A       74         0
                cinit                              1806     1806       52         0
                idataBANK0                         1916     1916       30         0
                idataCOMRAM                        1946     1946       2E         0

        CLASS   CONST          

        CLASS   SMALLCONST     
                smallconst                         1000     1000        A         0

        CLASS   MEDIUMCONST    

        CLASS   COMRAM         
                cstackCOMRAM                         2F       2F       25         1
                dataCOMRAM                            1        1       2E         1
                bssCOMRAM                            54       54        7         1

        CLASS   ABS1           

        CLASS   BIGRAM         

        CLASS   RAM            

        CLASS   BANK0          
                dataBANK0                            80       80       30         1

        CLASS   BANK1          

        CLASS   BANK2          

        CLASS   BANK3          

        CLASS   BANK4          

        CLASS   BANK5          

        CLASS   BANK6          

        CLASS   BANK7          

        CLASS   BANK8          

        CLASS   BANK9          

        CLASS   BANK10         

        CLASS   BANK11         

        CLASS   BANK12         

        CLASS   BANK13         

        CLASS   BANK14         

        CLASS   BANK15         

        CLASS   SFR            

        CLASS   BIGSFR         

        CLASS   CONFIG         
                config                           300000   300000        E         4

        CLASS   IDLOC          

        CLASS   EEDATA         

        CLASS   FARRAM         

        CLASS   HEAP           

        CLASS   STACK          



SEGMENTS        Name                           Load    Length   Top    Selector   Space  Class

                reset_vec                      000000  000004  000004         0       0  CODE    
                dataCOMRAM                     000001  00005A  00005B         1       1  COMRAM  
                dataBANK0                      000080  000030  0000B0        80       1  BANK0   
                smallconst                     001000  00000A  00100A       800       0  SMALLCON
                text16                         00100A  00097E  001988       805       0  CODE    


UNUSED ADDRESS RANGES

        Name                Unused          Largest block    Delta
        BANK0            0000B0-0000FF               50
        BANK1            000100-0001FF              100
        BANK10           000A00-000AFF              100
        BANK11           000B00-000BFF              100
        BANK12           000C00-000CFF              100
        BANK13           000D00-000DFF              100
        BANK14           000E00-000EFF              100
        BANK15           000F00-000F7F               80
        BANK2            000200-0002FF              100
        BANK3            000300-0003FF              100
        BANK4            000400-0004FF              100
        BANK5            000500-0005FF              100
        BANK6            000600-0006FF              100
        BANK7            000700-0007FF              100
        BANK8            000800-0008FF              100
        BANK9            000900-0009FF              100
        BIGRAM           00005B-00007F               25
                         0000B0-000F7F              ED0
        BIGSFR           000F80-000FFF               80
        CODE             000004-000FFF              FFC
                         001988-00FFFF             E678
        COMRAM           00005B-00007F               25
        CONST            000004-000FFF              FFC
                         001988-00FFFF             E678
        EEDATA           F00000-F003FF              400
        IDLOC            200000-200007                8
        MEDIUMCONST      001988-00FFFF             E678
        RAM              0000B0-000F7F              100
        SFR              000F80-000FFF               80
        SMALLCONST       001988-00FFFF              100

                                  Symbol Table

__HRAM                                   (abs)        000000
__H__absolute__                          __absolute__ 000000
__Habs1                                  abs1         000000
__Hbank0                                 bank0        000000
__Hbank1                                 bank1        000000
__Hbank10                                bank10       000000
__Hbank11                                bank11       000000
__Hbank12                                bank12       000000
__Hbank13                                bank13       000000
__Hbank14                                bank14       000000
__Hbank15                                bank15       000000
__Hbank2                                 bank2        000000
__Hbank3                                 bank3        000000
__Hbank4                                 bank4        000000
__Hbank5                                 bank5        000000
__Hbank6                                 bank6        000000
__Hbank7                                 bank7        000000
__Hbank8                                 bank8        000000
__Hbank9                                 bank9        000000
__Hbigbss                                bigbss       000000
__Hbigdata                               bigdata      000000
__Hbigram                                bigram       000000
__Hbigsfr                                bigsfr       000000
__Hbss                                   bss          000000
__HbssCOMRAM                             bssCOMRAM    000000
__Hcinit                                 cinit        000000
__Hclrtext                               clrtext      000000
__Hcomram                                comram       000000
__Hconst                                 const        000000
__HcstackCOMRAM                          cstackCOMRAM 000000
__Hdata                                  data         000000
__HdataBANK0                             dataBANK0    000000
__HdataCOMRAM                            dataCOMRAM   000000
__Heeprom_data                           eeprom_data  000000
__Hfarbss                                farbss       000000
__Hfardata                               fardata      000000
__Hheap                                  heap         000000
__Hibigdata                              ibigdata     000000
__Hidata                                 idata        000000
__HidataBANK0                            idataBANK0   000000
__HidataCOMRAM                           idataCOMRAM  000000
__Hidloc                                 idloc        000000
__Hifardata                              ifardata     000000
__Hintcode                               intcode      000000
__Hintcode_body                          intcode_body 000000
__Hintcodelo                             intcodelo    000000
__Hintentry                              intentry     000000
__Hintret                                intret       000000
__Hintsave_regs                          intsave_regs 000000
__Hirdata                                irdata       000000
__Hmediumconst                           mediumconst  000000
__HnvFARRAM                              nvFARRAM     000000
__Hnvbit                                 nvbit        000000
__Hnvrram                                nvrram       000000
__Hparam                                 rparam       000000
__Hpowerup                               powerup      000000
__Hram                                   ram          000000
__Hrbit                                  rbit         000000
__Hrbss                                  rbss         000000
__Hrdata                                 rdata        000000
__Hreset_vec                             reset_vec    000000
__Hrparam                                rparam       000000
__Hsfr                                   sfr          000000
__Hspace_2                               (abs)        000000
__Hstack                                 stack        000000
__Hstruct                                struct       000000
__Htemp                                  temp         000000
__Htext                                  text         000000
__Htext0                                 text0        000000
__Htext1                                 text1        000000
__Htext10                                text10       000000
__Htext11                                text11       000000
__Htext12                                text12       000000
__Htext13                                text13       000000
__Htext14                                text14       000000
__Htext15                                text15       000000
__Htext16                                text16       000000
__Htext2                                 text2        000000
__Htext3                                 text3        000000
__Htext4                                 text4        000000
__Htext5                                 text5        000000
__Htext6                                 text6        000000
__Htext7                                 text7        000000
__Htext8                                 text8        000000
__Htext9                                 text9        000000
__L__absolute__                          __absolute__ 000000
__Labs1                                  abs1         000000
__Lbank0                                 bank0        000000
__Lbank1                                 bank1        000000
__Lbank10                                bank10       000000
__Lbank11                                bank11       000000
__Lbank12                                bank12       000000
__Lbank13                                bank13       000000
__Lbank14                                bank14       000000
__Lbank15                                bank15       000000
__Lbank2                                 bank2        000000
__Lbank3                                 bank3        000000
__Lbank4                                 bank4        000000
__Lbank5                                 bank5        000000
__Lbank6                                 bank6        000000
__Lbank7                                 bank7        000000
__Lbank8                                 bank8        000000
__Lbank9                                 bank9        000000
__Lbigbss                                bigbss       000000
__Lbigdata                               bigdata      000000
__Lbigram                                bigram       000000
__Lbigsfr                                bigsfr       000000
__Lbss                                   bss          000000
__LbssCOMRAM                             bssCOMRAM    000000
__Lcinit                                 cinit        000000
__Lclrtext                               clrtext      000000
__Lcomram                                comram       000000
__Lconfig                                config       000000
__Lconst                                 const        000000
__LcstackCOMRAM                          cstackCOMRAM 000000
__Ldata                                  data         000000
__LdataBANK0                             dataBANK0    000000
__LdataCOMRAM                            dataCOMRAM   000000
__Leeprom_data                           eeprom_data  000000
__Lfarbss                                farbss       000000
__Lfardata                               fardata      000000
__Lheap                                  heap         000000
__Libigdata                              ibigdata     000000
__Lidata                                 idata        000000
__LidataBANK0                            idataBANK0   000000
__LidataCOMRAM                           idataCOMRAM  000000
__Lidloc                                 idloc        000000
__Lifardata                              ifardata     000000
__Linit                                  init         000000
__Lintcode                               intcode      000000
__Lintcode_body                          intcode_body 000000
__Lintcodelo                             intcodelo    000000
__Lintentry                              intentry     000000
__Lintret                                intret       000000
__Lintsave_regs                          intsave_regs 000000
__Lirdata                                irdata       000000
__Lmediumconst                           mediumconst  000000
__LnvFARRAM                              nvFARRAM     000000
__Lnvbit                                 nvbit        000000
__Lnvrram                                nvrram       000000
__Lparam                                 rparam       000000
__Lpowerup                               powerup      000000
__Lram                                   ram          000000
__Lrbit                                  rbit         000000
__Lrbss                                  rbss         000000
__Lrdata                                 rdata        000000
__Lreset_vec                             reset_vec    000000
__Lrparam                                rparam       000000
__Lsfr                                   sfr          000000
__Lspace_0                               (abs)        000000
__Lspace_1                               (abs)        000000
__Lspace_2                               (abs)        000000
__Lspace_4                               (abs)        000000
__Lstack                                 stack        000000
__Lstruct                                struct       000000
__Ltemp                                  temp         000000
__Ltext                                  text         000000
__Ltext0                                 text0        000000
__Ltext1                                 text1        000000
__Ltext10                                text10       000000
__Ltext11                                text11       000000
__Ltext12                                text12       000000
__Ltext13                                text13       000000
__Ltext14                                text14       000000
__Ltext15                                text15       000000
__Ltext16                                text16       000000
__Ltext2                                 text2        000000
__Ltext3                                 text3        000000
__Ltext4                                 text4        000000
__Ltext5                                 text5        000000
__Ltext6                                 text6        000000
__Ltext7                                 text7        000000
__Ltext8                                 text8        000000
__Ltext9                                 text9        000000
__S4                                     (abs)        000000
__S5                                     (abs)        000000
___heap_hi                               (abs)        000000
___heap_lo                               (abs)        000000
___inthi_sp                              stack        000000
___intlo_sp                              stack        000000
___param_bank                            (abs)        000000
___sp                                    stack        000000
__mediumconst                            mediumconst  000000
_lcd_send_enable_signal                                     
intlevel0                                text         000000
intlevel1                                text         000000
intlevel2                                text         000000
intlevel3                                text         000000
isa$xinst                                (abs)        000000
stackhi                                  (abs)        000000
stacklo                                  (abs)        000000
start                                    init         000000
__LRAM                                   (abs)        000001
___rparam_used                           (abs)        000001
__pdataCOMRAM                            dataCOMRAM   000001
_port_registers                          dataCOMRAM   000001
isa$std                                  (abs)        000001
__activetblptr                           (abs)        000003
__Hinit                                  init         000004
_lat_registers                           dataCOMRAM   00000B
_tris_registers                          dataCOMRAM   000015
_lcd_2                                   dataCOMRAM   00001F
_lcd_1                                   dataCOMRAM   000029
?_lcd_send_enable_signal                 cstackCOMRAM 00002F
__pcstackCOMRAM                          cstackCOMRAM 00002F
gpio_pin_direction_intialize@pin_config  cstackCOMRAM 00002F
gpio_pin_write_logic@pin_config          cstackCOMRAM 00002F
gpio_pin_write_logic@logic               cstackCOMRAM 000031
gpio_pin_direction_intialize@ret         cstackCOMRAM 000037
gpio_pin_write_logic@ret                 cstackCOMRAM 000038
gpio_pin_intialize@pin_config            cstackCOMRAM 000039
lcd_4bit_send_enable_signal@lcd          cstackCOMRAM 000039
lcd_8bit_send_enable_signal@lcd          cstackCOMRAM 000039
send_4bit_data@lcd                       cstackCOMRAM 000039
send_4bit_data@command                   cstackCOMRAM 00003B
gpio_pin_intialize@ret                   cstackCOMRAM 00003C
lcd_4bit_send_enable_signal@ret          cstackCOMRAM 00003C
lcd_8bit_send_enable_signal@ret          cstackCOMRAM 00003C
send_4bit_data@ret                       cstackCOMRAM 00003C
lcd_4_bit_send_command@lcd               cstackCOMRAM 00003D
lcd_8_bit_send_char_data@lcd             cstackCOMRAM 00003D
lcd_8_bit_send_command@lcd               cstackCOMRAM 00003D
lcd_4_bit_send_command@command           cstackCOMRAM 00003F
lcd_8_bit_send_char_data@data            cstackCOMRAM 00003F
lcd_8_bit_send_command@command           cstackCOMRAM 00003F
lcd_4_bit_send_command@ret               cstackCOMRAM 000040
lcd_8_bit_send_char_data@ret             cstackCOMRAM 000044
lcd_8_bit_send_command@ret               cstackCOMRAM 000044
lcd_8_bit_send_char_data@l_data_counter  cstackCOMRAM 000045
lcd_8_bit_send_command@l_command_counter cstackCOMRAM 000045
lcd_8_bit_initialize@lcd                 cstackCOMRAM 000046
lcd_8_bit_send_string@lcd                cstackCOMRAM 000046
lcd_8bit_set_cursor@lcd                  cstackCOMRAM 000046
lcd_8_bit_send_string@str                cstackCOMRAM 000048
lcd_8bit_set_cursor@row                  cstackCOMRAM 000048
lcd_8bit_set_cursor@coulmn               cstackCOMRAM 000049
lcd_8_bit_initialize@l_data_counter      cstackCOMRAM 00004A
lcd_8_bit_send_string@ret                cstackCOMRAM 00004A
lcd_8_bit_initialize@ret                 cstackCOMRAM 00004B
lcd_8bit_set_cursor@ret                  cstackCOMRAM 00004C
lcd_8_bit_send_data_position@lcd         cstackCOMRAM 00004D
lcd_8_bit_send_string_position@lcd       cstackCOMRAM 00004D
lcd_8_bit_send_data_position@data        cstackCOMRAM 00004F
lcd_8_bit_send_string_position@str       cstackCOMRAM 00004F
lcd_8_bit_send_data_position@row         cstackCOMRAM 000050
lcd_8_bit_send_data_position@colum       cstackCOMRAM 000051
lcd_8_bit_send_string_position@row       cstackCOMRAM 000051
lcd_8_bit_send_data_position@ret         cstackCOMRAM 000052
lcd_8_bit_send_string_position@colum     cstackCOMRAM 000052
lcd_8_bit_send_string_position@ret       cstackCOMRAM 000053
Relay_Turn_OFF@F2885                     bssCOMRAM    000054
__pbssCOMRAM                             bssCOMRAM    000054
Relay_Turn_ON@F2880                      bssCOMRAM    000055
Relay_Initialize@F2875                   bssCOMRAM    000056
led_toggle@F2896                         bssCOMRAM    000057
led_turn_off@F2891                       bssCOMRAM    000058
led_turn_on@F2886                        bssCOMRAM    000059
led_initialize@F2881                     bssCOMRAM    00005A
__accesstop                              (abs)        000080
__pdataBANK0                             dataBANK0    000080
_keypad_btn_values                       dataBANK0    000080
__Hspace_1                               (abs)        0000B0
__S1                                     (abs)        0000B0
_PORTA                                   (abs)        000F80
_PORTB                                   (abs)        000F81
_PORTC                                   (abs)        000F82
_PORTD                                   (abs)        000F83
_PORTE                                   (abs)        000F84
_LATA                                    (abs)        000F89
_LATB                                    (abs)        000F8A
_LATC                                    (abs)        000F8B
_LATD                                    (abs)        000F8C
_LATE                                    (abs)        000F8D
_TRISA                                   (abs)        000F92
_TRISB                                   (abs)        000F93
_TRISC                                   (abs)        000F94
_TRISD                                   (abs)        000F95
_TRISE                                   (abs)        000F96
__Hramtop                                ramtop       001000
__Lramtop                                ramtop       001000
__Lsmallconst                            smallconst   001000
__psmallconst                            smallconst   001000
__ramtop                                 ramtop       001000
__smallconst                             smallconst   001000
__Hsmallconst                            smallconst   00100A
__ptext16                                text16       00100A
_gpio_pin_direction_intialize            text16       00100A
__end_of_gpio_pin_direction_intialize    text16       00114E
__ptext15                                text15       00114E
_gpio_pin_write_logic                    text15       00114E
__end_of_gpio_pin_write_logic            text15       00128A
__ptext11                                text11       00128A
_lcd_8_bit_initialize                    text11       00128A
__end_of_lcd_8_bit_initialize            text11       0013B2
__ptext4                                 text4        0013B2
_lcd_8bit_set_cursor                     text4        0013B2
__end_of_lcd_8bit_set_cursor             text4        00145A
__ptext5                                 text5        00145A
_lcd_8_bit_send_char_data                text5        00145A
__end_of_lcd_8_bit_send_char_data        text5        0014EA
__ptext12                                text12       0014EA
_lcd_8_bit_send_command                  text12       0014EA
__end_of_lcd_8_bit_send_command          text12       00157A
__ptext0                                 text0        00157A
_main                                    text0        00157A
__end_of_main                            text0        0015EE
__ptext6                                 text6        0015EE
_lcd_4_bit_send_command                  text6        0015EE
__end_of_lcd_4_bit_send_command          text6        001662
__ptext1                                 text1        001662
_lcd_8_bit_send_string_position          text1        001662
__end_of_lcd_8_bit_send_string_position  text1        0016D0
__ptext14                                text14       0016D0
_gpio_pin_intialize                      text14       0016D0
__end_of_gpio_pin_intialize              text14       00173C
__ptext7                                 text7        00173C
_send_4bit_data                          text7        00173C
__end_of_send_4bit_data                  text7        0017A4
__ptext2                                 text2        0017A4
_lcd_8_bit_send_string                   text2        0017A4
__end_of_lcd_8_bit_send_string           text2        001806
__initialization                         cinit        001806
__pcinit                                 cinit        001806
__end_of__initialization                 cinit        001852
end_of_initialization                    cinit        001852
__ptext3                                 text3        001858
_lcd_8_bit_send_data_position            text3        001858
__end_of_lcd_8_bit_send_data_position    text3        00189E
__ptext8                                 text8        00189E
_lcd_4bit_send_enable_signal             text8        00189E
__end_of_lcd_4bit_send_enable_signal     text8        0018DA
__ptext13                                text13       0018DA
_lcd_8bit_send_enable_signal             text13       0018DA
__end_of_lcd_8bit_send_enable_signal     text13       001916
__pidataBANK0                            idataBANK0   001916
__pidataCOMRAM                           idataCOMRAM  001946
_ECU_Layer_initialize                    text10       001974
__ptext10                                text10       001974
__end_of_ECU_Layer_initialize            text10       001982
__ptext9                                 text9        001982
_application_initialize                  text9        001982
__Hspace_0                               (abs)        001988
__S0                                     (abs)        001988
__end_of_application_initialize          text9        001988
__Hconfig                                config       30000E
__Hspace_4                               (abs)        60000E
start_initialization                     cinit        001806
